mode: set
github.com/open-cli-collective/confluence-cli/pkg/md/converter.go:25.59,26.24 1 1
github.com/open-cli-collective/confluence-cli/pkg/md/converter.go:26.24,28.3 1 1
github.com/open-cli-collective/confluence-cli/pkg/md/converter.go:31.2,37.58 4 1
github.com/open-cli-collective/confluence-cli/pkg/md/converter.go:37.58,39.3 1 0
github.com/open-cli-collective/confluence-cli/pkg/md/converter.go:42.2,47.20 3 1
github.com/open-cli-collective/confluence-cli/pkg/md/converter.go:57.65,63.16 4 1
github.com/open-cli-collective/confluence-cli/pkg/md/converter.go:63.16,65.3 1 0
github.com/open-cli-collective/confluence-cli/pkg/md/converter.go:67.2,71.38 3 1
github.com/open-cli-collective/confluence-cli/pkg/md/converter.go:71.38,72.19 1 1
github.com/open-cli-collective/confluence-cli/pkg/md/converter.go:73.20,74.35 1 1
github.com/open-cli-collective/confluence-cli/pkg/md/converter.go:75.21,77.61 1 1
github.com/open-cli-collective/confluence-cli/pkg/md/converter.go:81.2,81.43 1 1
github.com/open-cli-collective/confluence-cli/pkg/md/converter.go:91.102,99.42 2 1
github.com/open-cli-collective/confluence-cli/pkg/md/converter.go:99.42,103.39 2 1
github.com/open-cli-collective/confluence-cli/pkg/md/converter.go:103.39,113.4 4 1
github.com/open-cli-collective/confluence-cli/pkg/md/converter.go:116.3,117.82 2 1
github.com/open-cli-collective/confluence-cli/pkg/md/converter.go:117.82,119.4 1 1
github.com/open-cli-collective/confluence-cli/pkg/md/converter.go:119.9,121.4 1 0
github.com/open-cli-collective/confluence-cli/pkg/md/converter.go:125.2,131.50 5 1
github.com/open-cli-collective/confluence-cli/pkg/md/converter.go:135.67,140.25 2 1
github.com/open-cli-collective/confluence-cli/pkg/md/converter.go:140.25,142.3 1 1
github.com/open-cli-collective/confluence-cli/pkg/md/converter.go:143.2,148.25 2 1
github.com/open-cli-collective/confluence-cli/pkg/md/converter.go:148.25,150.31 2 1
github.com/open-cli-collective/confluence-cli/pkg/md/converter.go:150.31,151.21 1 1
github.com/open-cli-collective/confluence-cli/pkg/md/converter.go:151.21,152.13 1 1
github.com/open-cli-collective/confluence-cli/pkg/md/converter.go:154.4,155.47 2 1
github.com/open-cli-collective/confluence-cli/pkg/md/converter.go:155.47,158.5 2 1
github.com/open-cli-collective/confluence-cli/pkg/md/converter.go:163.2,163.25 1 1
github.com/open-cli-collective/confluence-cli/pkg/md/converter.go:163.25,168.49 4 1
github.com/open-cli-collective/confluence-cli/pkg/md/converter.go:168.49,170.4 1 1
github.com/open-cli-collective/confluence-cli/pkg/md/converter.go:170.9,172.4 1 1
github.com/open-cli-collective/confluence-cli/pkg/md/converter.go:174.2,174.13 1 1
github.com/open-cli-collective/confluence-cli/pkg/md/converter.go:179.45,185.22 5 1
github.com/open-cli-collective/confluence-cli/pkg/md/converter.go:185.22,186.10 1 1
github.com/open-cli-collective/confluence-cli/pkg/md/converter.go:187.45,189.17 2 1
github.com/open-cli-collective/confluence-cli/pkg/md/converter.go:191.35,193.17 2 1
github.com/open-cli-collective/confluence-cli/pkg/md/converter.go:195.30,196.25 1 1
github.com/open-cli-collective/confluence-cli/pkg/md/converter.go:196.25,199.5 2 1
github.com/open-cli-collective/confluence-cli/pkg/md/converter.go:200.11,201.24 1 1
github.com/open-cli-collective/confluence-cli/pkg/md/converter.go:205.3,205.41 1 1
github.com/open-cli-collective/confluence-cli/pkg/md/converter.go:205.41,207.4 1 1
github.com/open-cli-collective/confluence-cli/pkg/md/converter.go:210.2,210.15 1 1
github.com/open-cli-collective/confluence-cli/pkg/md/from_html.go:28.57,30.2 1 1
github.com/open-cli-collective/confluence-cli/pkg/md/from_html.go:34.89,35.16 1 1
github.com/open-cli-collective/confluence-cli/pkg/md/from_html.go:35.16,37.3 1 1
github.com/open-cli-collective/confluence-cli/pkg/md/from_html.go:40.2,41.21 2 1
github.com/open-cli-collective/confluence-cli/pkg/md/from_html.go:41.21,43.3 1 1
github.com/open-cli-collective/confluence-cli/pkg/md/from_html.go:43.8,46.3 2 1
github.com/open-cli-collective/confluence-cli/pkg/md/from_html.go:49.2,61.16 4 1
github.com/open-cli-collective/confluence-cli/pkg/md/from_html.go:61.16,63.3 1 0
github.com/open-cli-collective/confluence-cli/pkg/md/from_html.go:66.2,69.24 2 1
github.com/open-cli-collective/confluence-cli/pkg/md/from_html.go:69.24,71.3 1 1
github.com/open-cli-collective/confluence-cli/pkg/md/from_html.go:74.2,74.41 1 1
github.com/open-cli-collective/confluence-cli/pkg/md/from_html.go:84.90,85.34 1 1
github.com/open-cli-collective/confluence-cli/pkg/md/from_html.go:85.34,90.27 4 1
github.com/open-cli-collective/confluence-cli/pkg/md/from_html.go:90.27,92.4 1 1
github.com/open-cli-collective/confluence-cli/pkg/md/from_html.go:94.2,94.17 1 1
github.com/open-cli-collective/confluence-cli/pkg/md/from_html.go:100.111,106.17 3 1
github.com/open-cli-collective/confluence-cli/pkg/md/from_html.go:106.17,109.3 1 1
github.com/open-cli-collective/confluence-cli/pkg/md/from_html.go:112.2,113.16 2 1
github.com/open-cli-collective/confluence-cli/pkg/md/from_html.go:113.16,115.3 1 0
github.com/open-cli-collective/confluence-cli/pkg/md/from_html.go:118.2,121.38 3 1
github.com/open-cli-collective/confluence-cli/pkg/md/from_html.go:121.38,122.19 1 1
github.com/open-cli-collective/confluence-cli/pkg/md/from_html.go:123.20,124.32 1 1
github.com/open-cli-collective/confluence-cli/pkg/md/from_html.go:125.21,127.74 1 1
github.com/open-cli-collective/confluence-cli/pkg/md/from_html.go:131.2,131.34 1 1
github.com/open-cli-collective/confluence-cli/pkg/md/from_html.go:141.129,154.23 7 1
github.com/open-cli-collective/confluence-cli/pkg/md/from_html.go:154.23,155.29 1 1
github.com/open-cli-collective/confluence-cli/pkg/md/from_html.go:155.29,159.40 2 1
github.com/open-cli-collective/confluence-cli/pkg/md/from_html.go:159.40,167.5 4 1
github.com/open-cli-collective/confluence-cli/pkg/md/from_html.go:168.4,168.44 1 1
github.com/open-cli-collective/confluence-cli/pkg/md/from_html.go:169.9,172.4 1 1
github.com/open-cli-collective/confluence-cli/pkg/md/from_html.go:174.3,174.71 1 1
github.com/open-cli-collective/confluence-cli/pkg/md/from_html.go:179.74,185.23 4 1
github.com/open-cli-collective/confluence-cli/pkg/md/from_html.go:185.23,187.3 1 1
github.com/open-cli-collective/confluence-cli/pkg/md/from_html.go:189.2,192.3 1 1
github.com/open-cli-collective/confluence-cli/pkg/md/from_html.go:196.48,198.16 2 1
github.com/open-cli-collective/confluence-cli/pkg/md/from_html.go:198.16,200.3 1 0
github.com/open-cli-collective/confluence-cli/pkg/md/from_html.go:202.2,203.38 2 1
github.com/open-cli-collective/confluence-cli/pkg/md/from_html.go:203.38,204.30 1 1
github.com/open-cli-collective/confluence-cli/pkg/md/from_html.go:204.30,206.4 1 1
github.com/open-cli-collective/confluence-cli/pkg/md/from_html.go:209.2,209.24 1 1
github.com/open-cli-collective/confluence-cli/pkg/md/from_html.go:214.49,219.79 2 1
github.com/open-cli-collective/confluence-cli/pkg/md/from_html.go:219.79,225.25 4 1
github.com/open-cli-collective/confluence-cli/pkg/md/from_html.go:225.25,227.4 1 1
github.com/open-cli-collective/confluence-cli/pkg/md/from_html.go:231.3,234.26 4 1
github.com/open-cli-collective/confluence-cli/pkg/md/from_html.go:234.26,236.4 1 1
github.com/open-cli-collective/confluence-cli/pkg/md/from_html.go:239.3,239.21 1 1
github.com/open-cli-collective/confluence-cli/pkg/md/from_html.go:239.21,241.4 1 1
github.com/open-cli-collective/confluence-cli/pkg/md/from_html.go:242.3,242.66 1 1
github.com/open-cli-collective/confluence-cli/pkg/md/from_html.go:247.43,252.2 4 1
github.com/open-cli-collective/confluence-cli/pkg/md/macro.go:71.49,74.2 2 1
github.com/open-cli-collective/confluence-cli/pkg/md/parser.go:32.52,33.16 1 1
github.com/open-cli-collective/confluence-cli/pkg/md/parser.go:33.16,35.3 1 0
github.com/open-cli-collective/confluence-cli/pkg/md/parser.go:37.2,37.81 1 1
github.com/open-cli-collective/confluence-cli/pkg/md/parser.go:37.81,40.3 2 1
github.com/open-cli-collective/confluence-cli/pkg/md/parser.go:41.2,44.4 1 1
github.com/open-cli-collective/confluence-cli/pkg/md/parser.go:48.58,53.2 1 1
github.com/open-cli-collective/confluence-cli/pkg/md/parser.go:56.71,60.2 3 1
github.com/open-cli-collective/confluence-cli/pkg/md/parser.go:63.49,65.34 2 1
github.com/open-cli-collective/confluence-cli/pkg/md/parser.go:65.34,66.51 1 1
github.com/open-cli-collective/confluence-cli/pkg/md/parser.go:66.51,68.4 1 1
github.com/open-cli-collective/confluence-cli/pkg/md/parser.go:70.2,70.15 1 1
github.com/open-cli-collective/confluence-cli/pkg/md/parser_bracket.go:16.61,18.16 2 1
github.com/open-cli-collective/confluence-cli/pkg/md/parser_bracket.go:18.16,20.3 1 0
github.com/open-cli-collective/confluence-cli/pkg/md/parser_bracket.go:22.2,25.31 3 1
github.com/open-cli-collective/confluence-cli/pkg/md/parser_bracket.go:25.31,26.21 1 1
github.com/open-cli-collective/confluence-cli/pkg/md/parser_bracket.go:27.25,28.22 1 1
github.com/open-cli-collective/confluence-cli/pkg/md/parser_bracket.go:28.22,31.5 1 1
github.com/open-cli-collective/confluence-cli/pkg/md/parser_bracket.go:31.10,34.5 1 1
github.com/open-cli-collective/confluence-cli/pkg/md/parser_bracket.go:36.28,39.14 2 1
github.com/open-cli-collective/confluence-cli/pkg/md/parser_bracket.go:39.14,43.23 3 1
github.com/open-cli-collective/confluence-cli/pkg/md/parser_bracket.go:43.23,45.6 1 0
github.com/open-cli-collective/confluence-cli/pkg/md/parser_bracket.go:45.11,47.6 1 1
github.com/open-cli-collective/confluence-cli/pkg/md/parser_bracket.go:48.5,48.13 1 1
github.com/open-cli-collective/confluence-cli/pkg/md/parser_bracket.go:52.4,62.26 3 1
github.com/open-cli-collective/confluence-cli/pkg/md/parser_bracket.go:62.26,64.5 1 1
github.com/open-cli-collective/confluence-cli/pkg/md/parser_bracket.go:66.29,67.23 1 1
github.com/open-cli-collective/confluence-cli/pkg/md/parser_bracket.go:67.23,71.13 3 1
github.com/open-cli-collective/confluence-cli/pkg/md/parser_bracket.go:75.4,76.62 2 1
github.com/open-cli-collective/confluence-cli/pkg/md/parser_bracket.go:76.62,81.23 2 1
github.com/open-cli-collective/confluence-cli/pkg/md/parser_bracket.go:81.23,83.6 1 0
github.com/open-cli-collective/confluence-cli/pkg/md/parser_bracket.go:83.11,85.6 1 1
github.com/open-cli-collective/confluence-cli/pkg/md/parser_bracket.go:86.5,86.13 1 1
github.com/open-cli-collective/confluence-cli/pkg/md/parser_bracket.go:90.4,91.30 2 1
github.com/open-cli-collective/confluence-cli/pkg/md/parser_bracket.go:93.30,96.14 2 0
github.com/open-cli-collective/confluence-cli/pkg/md/parser_bracket.go:96.14,99.23 3 0
github.com/open-cli-collective/confluence-cli/pkg/md/parser_bracket.go:99.23,101.6 1 0
github.com/open-cli-collective/confluence-cli/pkg/md/parser_bracket.go:101.11,103.6 1 0
github.com/open-cli-collective/confluence-cli/pkg/md/parser_bracket.go:104.5,104.13 1 0
github.com/open-cli-collective/confluence-cli/pkg/md/parser_bracket.go:107.4,112.22 2 0
github.com/open-cli-collective/confluence-cli/pkg/md/parser_bracket.go:112.22,120.5 5 0
github.com/open-cli-collective/confluence-cli/pkg/md/parser_bracket.go:120.10,123.5 1 0
github.com/open-cli-collective/confluence-cli/pkg/md/parser_bracket.go:124.4,124.17 1 0
github.com/open-cli-collective/confluence-cli/pkg/md/parser_bracket.go:129.2,129.21 1 1
github.com/open-cli-collective/confluence-cli/pkg/md/parser_bracket.go:129.21,135.21 5 1
github.com/open-cli-collective/confluence-cli/pkg/md/parser_bracket.go:135.21,137.4 1 0
github.com/open-cli-collective/confluence-cli/pkg/md/parser_bracket.go:137.9,139.4 1 1
github.com/open-cli-collective/confluence-cli/pkg/md/parser_bracket.go:142.2,142.20 1 1
github.com/open-cli-collective/confluence-cli/pkg/md/parser_bracket.go:155.60,156.22 1 1
github.com/open-cli-collective/confluence-cli/pkg/md/parser_bracket.go:156.22,158.3 1 0
github.com/open-cli-collective/confluence-cli/pkg/md/parser_bracket.go:160.2,166.58 3 1
github.com/open-cli-collective/confluence-cli/pkg/md/parser_bracket.go:166.58,168.17 2 1
github.com/open-cli-collective/confluence-cli/pkg/md/parser_bracket.go:168.17,170.40 1 1
github.com/open-cli-collective/confluence-cli/pkg/md/parser_bracket.go:170.40,171.33 1 1
github.com/open-cli-collective/confluence-cli/pkg/md/parser_bracket.go:171.33,173.6 1 0
github.com/open-cli-collective/confluence-cli/pkg/md/parser_bracket.go:175.4,175.65 1 1
github.com/open-cli-collective/confluence-cli/pkg/md/parser_bracket.go:179.2,179.21 1 1
github.com/open-cli-collective/confluence-cli/pkg/md/parser_bracket.go:179.21,187.3 5 1
github.com/open-cli-collective/confluence-cli/pkg/md/parser_bracket.go:187.8,190.3 1 1
github.com/open-cli-collective/confluence-cli/pkg/md/parser_bracket.go:195.55,196.33 1 1
github.com/open-cli-collective/confluence-cli/pkg/md/parser_bracket.go:196.33,198.3 1 1
github.com/open-cli-collective/confluence-cli/pkg/md/parser_bracket.go:200.2,202.40 3 0
github.com/open-cli-collective/confluence-cli/pkg/md/parser_bracket.go:202.40,204.3 1 0
github.com/open-cli-collective/confluence-cli/pkg/md/parser_bracket.go:205.2,206.37 2 0
github.com/open-cli-collective/confluence-cli/pkg/md/parser_bracket.go:206.37,210.31 4 0
github.com/open-cli-collective/confluence-cli/pkg/md/parser_bracket.go:210.31,214.4 3 0
github.com/open-cli-collective/confluence-cli/pkg/md/parser_bracket.go:214.9,216.4 1 0
github.com/open-cli-collective/confluence-cli/pkg/md/parser_bracket.go:218.2,218.41 1 0
github.com/open-cli-collective/confluence-cli/pkg/md/parser_bracket.go:218.41,220.3 1 0
github.com/open-cli-collective/confluence-cli/pkg/md/parser_bracket.go:221.2,222.20 2 0
github.com/open-cli-collective/confluence-cli/pkg/md/parser_bracket.go:226.49,230.36 4 1
github.com/open-cli-collective/confluence-cli/pkg/md/parser_bracket.go:230.36,234.31 4 0
github.com/open-cli-collective/confluence-cli/pkg/md/parser_bracket.go:234.31,238.4 3 0
github.com/open-cli-collective/confluence-cli/pkg/md/parser_bracket.go:238.9,240.4 1 0
github.com/open-cli-collective/confluence-cli/pkg/md/parser_bracket.go:242.2,243.20 2 1
github.com/open-cli-collective/confluence-cli/pkg/md/parser_xml.go:16.61,18.16 2 1
github.com/open-cli-collective/confluence-cli/pkg/md/parser_xml.go:18.16,20.3 1 0
github.com/open-cli-collective/confluence-cli/pkg/md/parser_xml.go:22.2,25.31 3 1
github.com/open-cli-collective/confluence-cli/pkg/md/parser_xml.go:25.31,27.21 1 1
github.com/open-cli-collective/confluence-cli/pkg/md/parser_xml.go:28.21,29.22 1 1
github.com/open-cli-collective/confluence-cli/pkg/md/parser_xml.go:29.22,32.5 1 1
github.com/open-cli-collective/confluence-cli/pkg/md/parser_xml.go:32.10,35.5 1 1
github.com/open-cli-collective/confluence-cli/pkg/md/parser_xml.go:37.24,40.14 2 1
github.com/open-cli-collective/confluence-cli/pkg/md/parser_xml.go:40.14,42.5 1 1
github.com/open-cli-collective/confluence-cli/pkg/md/parser_xml.go:45.4,51.32 2 1
github.com/open-cli-collective/confluence-cli/pkg/md/parser_xml.go:53.26,54.53 1 1
github.com/open-cli-collective/confluence-cli/pkg/md/parser_xml.go:54.53,57.5 1 1
github.com/open-cli-collective/confluence-cli/pkg/md/parser_xml.go:60.21,61.22 1 1
github.com/open-cli-collective/confluence-cli/pkg/md/parser_xml.go:61.22,64.5 2 1
github.com/open-cli-collective/confluence-cli/pkg/md/parser_xml.go:66.24,67.22 1 1
github.com/open-cli-collective/confluence-cli/pkg/md/parser_xml.go:67.22,71.5 3 1
github.com/open-cli-collective/confluence-cli/pkg/md/parser_xml.go:73.25,74.23 1 1
github.com/open-cli-collective/confluence-cli/pkg/md/parser_xml.go:74.23,76.13 2 0
github.com/open-cli-collective/confluence-cli/pkg/md/parser_xml.go:80.4,84.31 3 1
github.com/open-cli-collective/confluence-cli/pkg/md/parser_xml.go:84.31,86.19 2 1
github.com/open-cli-collective/confluence-cli/pkg/md/parser_xml.go:86.19,87.42 1 1
github.com/open-cli-collective/confluence-cli/pkg/md/parser_xml.go:87.42,88.35 1 1
github.com/open-cli-collective/confluence-cli/pkg/md/parser_xml.go:88.35,90.8 1 0
github.com/open-cli-collective/confluence-cli/pkg/md/parser_xml.go:92.6,92.67 1 1
github.com/open-cli-collective/confluence-cli/pkg/md/parser_xml.go:96.4,96.22 1 1
github.com/open-cli-collective/confluence-cli/pkg/md/parser_xml.go:96.22,104.5 5 1
github.com/open-cli-collective/confluence-cli/pkg/md/parser_xml.go:104.10,107.5 1 1
github.com/open-cli-collective/confluence-cli/pkg/md/parser_xml.go:112.2,112.21 1 1
github.com/open-cli-collective/confluence-cli/pkg/md/parser_xml.go:112.21,117.21 4 0
github.com/open-cli-collective/confluence-cli/pkg/md/parser_xml.go:117.22,119.4 0 0
github.com/open-cli-collective/confluence-cli/pkg/md/parser_xml.go:119.9,121.4 1 0
github.com/open-cli-collective/confluence-cli/pkg/md/parser_xml.go:124.2,124.20 1 1
github.com/open-cli-collective/confluence-cli/pkg/md/render.go:11.47,21.33 6 1
github.com/open-cli-collective/confluence-cli/pkg/md/render.go:21.33,23.3 1 1
github.com/open-cli-collective/confluence-cli/pkg/md/render.go:24.2,26.27 2 1
github.com/open-cli-collective/confluence-cli/pkg/md/render.go:26.27,33.3 6 1
github.com/open-cli-collective/confluence-cli/pkg/md/render.go:36.2,37.42 2 1
github.com/open-cli-collective/confluence-cli/pkg/md/render.go:37.42,38.29 1 1
github.com/open-cli-collective/confluence-cli/pkg/md/render.go:39.25,42.42 3 1
github.com/open-cli-collective/confluence-cli/pkg/md/render.go:43.26,46.46 3 1
github.com/open-cli-collective/confluence-cli/pkg/md/render.go:51.2,53.20 2 1
github.com/open-cli-collective/confluence-cli/pkg/md/render.go:57.33,63.2 5 1
github.com/open-cli-collective/confluence-cli/pkg/md/render.go:66.51,74.23 4 1
github.com/open-cli-collective/confluence-cli/pkg/md/render.go:74.23,79.3 4 1
github.com/open-cli-collective/confluence-cli/pkg/md/render.go:81.2,81.20 1 1
github.com/open-cli-collective/confluence-cli/pkg/md/render.go:85.55,92.33 5 1
github.com/open-cli-collective/confluence-cli/pkg/md/render.go:92.33,94.3 1 1
github.com/open-cli-collective/confluence-cli/pkg/md/render.go:95.2,97.27 2 1
github.com/open-cli-collective/confluence-cli/pkg/md/render.go:97.27,102.44 5 1
github.com/open-cli-collective/confluence-cli/pkg/md/render.go:102.44,106.4 3 1
github.com/open-cli-collective/confluence-cli/pkg/md/render.go:106.9,108.4 1 1
github.com/open-cli-collective/confluence-cli/pkg/md/render.go:110.2,111.20 2 1
github.com/open-cli-collective/confluence-cli/pkg/md/render.go:115.39,117.2 1 1
github.com/open-cli-collective/confluence-cli/pkg/md/to_adf.go:17.45,21.2 2 1
github.com/open-cli-collective/confluence-cli/pkg/md/tokenizer_bracket.go:18.61,23.23 4 1
github.com/open-cli-collective/confluence-cli/pkg/md/tokenizer_bracket.go:23.23,25.24 1 1
github.com/open-cli-collective/confluence-cli/pkg/md/tokenizer_bracket.go:25.24,27.23 1 1
github.com/open-cli-collective/confluence-cli/pkg/md/tokenizer_bracket.go:27.23,33.5 1 1
github.com/open-cli-collective/confluence-cli/pkg/md/tokenizer_bracket.go:36.4,37.18 2 1
github.com/open-cli-collective/confluence-cli/pkg/md/tokenizer_bracket.go:37.18,40.13 2 1
github.com/open-cli-collective/confluence-cli/pkg/md/tokenizer_bracket.go:43.4,45.19 3 1
github.com/open-cli-collective/confluence-cli/pkg/md/tokenizer_bracket.go:46.9,48.4 1 1
github.com/open-cli-collective/confluence-cli/pkg/md/tokenizer_bracket.go:52.2,52.28 1 1
github.com/open-cli-collective/confluence-cli/pkg/md/tokenizer_bracket.go:52.28,58.3 1 1
github.com/open-cli-collective/confluence-cli/pkg/md/tokenizer_bracket.go:60.2,60.20 1 1
github.com/open-cli-collective/confluence-cli/pkg/md/tokenizer_bracket.go:65.72,66.44 1 1
github.com/open-cli-collective/confluence-cli/pkg/md/tokenizer_bracket.go:66.44,68.3 1 0
github.com/open-cli-collective/confluence-cli/pkg/md/tokenizer_bracket.go:70.2,75.43 4 1
github.com/open-cli-collective/confluence-cli/pkg/md/tokenizer_bracket.go:75.43,78.3 2 1
github.com/open-cli-collective/confluence-cli/pkg/md/tokenizer_bracket.go:81.2,82.65 2 1
github.com/open-cli-collective/confluence-cli/pkg/md/tokenizer_bracket.go:82.65,84.3 1 1
github.com/open-cli-collective/confluence-cli/pkg/md/tokenizer_bracket.go:85.2,85.22 1 1
github.com/open-cli-collective/confluence-cli/pkg/md/tokenizer_bracket.go:85.22,87.3 1 1
github.com/open-cli-collective/confluence-cli/pkg/md/tokenizer_bracket.go:88.2,91.16 2 1
github.com/open-cli-collective/confluence-cli/pkg/md/tokenizer_bracket.go:91.16,92.45 1 1
github.com/open-cli-collective/confluence-cli/pkg/md/tokenizer_bracket.go:92.45,94.4 1 0
github.com/open-cli-collective/confluence-cli/pkg/md/tokenizer_bracket.go:95.3,102.14 2 1
github.com/open-cli-collective/confluence-cli/pkg/md/tokenizer_bracket.go:107.2,107.60 1 1
github.com/open-cli-collective/confluence-cli/pkg/md/tokenizer_bracket.go:107.60,109.3 1 1
github.com/open-cli-collective/confluence-cli/pkg/md/tokenizer_bracket.go:112.2,112.43 1 1
github.com/open-cli-collective/confluence-cli/pkg/md/tokenizer_bracket.go:112.43,114.45 2 1
github.com/open-cli-collective/confluence-cli/pkg/md/tokenizer_bracket.go:114.45,116.4 1 0
github.com/open-cli-collective/confluence-cli/pkg/md/tokenizer_bracket.go:117.3,125.14 2 1
github.com/open-cli-collective/confluence-cli/pkg/md/tokenizer_bracket.go:129.2,131.16 3 1
github.com/open-cli-collective/confluence-cli/pkg/md/tokenizer_bracket.go:131.16,133.3 1 0
github.com/open-cli-collective/confluence-cli/pkg/md/tokenizer_bracket.go:134.2,137.49 2 1
github.com/open-cli-collective/confluence-cli/pkg/md/tokenizer_bracket.go:137.49,139.51 2 1
github.com/open-cli-collective/confluence-cli/pkg/md/tokenizer_bracket.go:139.51,141.4 1 0
github.com/open-cli-collective/confluence-cli/pkg/md/tokenizer_bracket.go:142.3,150.17 2 1
github.com/open-cli-collective/confluence-cli/pkg/md/tokenizer_bracket.go:153.2,160.16 1 1
github.com/open-cli-collective/confluence-cli/pkg/md/tokenizer_bracket.go:165.87,168.23 2 1
github.com/open-cli-collective/confluence-cli/pkg/md/tokenizer_bracket.go:168.23,170.61 1 1
github.com/open-cli-collective/confluence-cli/pkg/md/tokenizer_bracket.go:170.61,172.4 1 1
github.com/open-cli-collective/confluence-cli/pkg/md/tokenizer_bracket.go:175.3,175.44 1 1
github.com/open-cli-collective/confluence-cli/pkg/md/tokenizer_bracket.go:175.44,178.4 2 1
github.com/open-cli-collective/confluence-cli/pkg/md/tokenizer_bracket.go:181.3,181.44 1 1
github.com/open-cli-collective/confluence-cli/pkg/md/tokenizer_bracket.go:181.44,183.46 2 1
github.com/open-cli-collective/confluence-cli/pkg/md/tokenizer_bracket.go:183.46,185.5 1 0
github.com/open-cli-collective/confluence-cli/pkg/md/tokenizer_bracket.go:187.4,188.27 2 1
github.com/open-cli-collective/confluence-cli/pkg/md/tokenizer_bracket.go:192.3,193.65 2 1
github.com/open-cli-collective/confluence-cli/pkg/md/tokenizer_bracket.go:193.65,195.4 1 1
github.com/open-cli-collective/confluence-cli/pkg/md/tokenizer_bracket.go:196.3,196.22 1 1
github.com/open-cli-collective/confluence-cli/pkg/md/tokenizer_bracket.go:196.22,198.45 1 0
github.com/open-cli-collective/confluence-cli/pkg/md/tokenizer_bracket.go:198.45,201.5 2 0
github.com/open-cli-collective/confluence-cli/pkg/md/tokenizer_bracket.go:202.4,202.64 1 0
github.com/open-cli-collective/confluence-cli/pkg/md/tokenizer_bracket.go:204.3,207.45 2 1
github.com/open-cli-collective/confluence-cli/pkg/md/tokenizer_bracket.go:207.45,210.12 2 1
github.com/open-cli-collective/confluence-cli/pkg/md/tokenizer_bracket.go:212.3,216.17 3 1
github.com/open-cli-collective/confluence-cli/pkg/md/tokenizer_bracket.go:216.17,218.4 1 0
github.com/open-cli-collective/confluence-cli/pkg/md/tokenizer_bracket.go:219.3,220.15 2 1
github.com/open-cli-collective/confluence-cli/pkg/md/tokenizer_bracket.go:223.2,223.53 1 0
github.com/open-cli-collective/confluence-cli/pkg/md/tokenizer_bracket.go:228.66,229.23 1 1
github.com/open-cli-collective/confluence-cli/pkg/md/tokenizer_bracket.go:229.23,231.3 1 0
github.com/open-cli-collective/confluence-cli/pkg/md/tokenizer_bracket.go:234.2,234.45 1 1
github.com/open-cli-collective/confluence-cli/pkg/md/tokenizer_bracket.go:234.45,240.24 5 1
github.com/open-cli-collective/confluence-cli/pkg/md/tokenizer_bracket.go:240.24,241.31 1 1
github.com/open-cli-collective/confluence-cli/pkg/md/tokenizer_bracket.go:241.31,243.25 1 1
github.com/open-cli-collective/confluence-cli/pkg/md/tokenizer_bracket.go:243.25,245.6 1 1
github.com/open-cli-collective/confluence-cli/pkg/md/tokenizer_bracket.go:246.5,247.36 2 1
github.com/open-cli-collective/confluence-cli/pkg/md/tokenizer_bracket.go:250.4,250.77 1 1
github.com/open-cli-collective/confluence-cli/pkg/md/tokenizer_bracket.go:250.77,252.25 1 1
github.com/open-cli-collective/confluence-cli/pkg/md/tokenizer_bracket.go:252.25,254.6 1 1
github.com/open-cli-collective/confluence-cli/pkg/md/tokenizer_bracket.go:255.5,258.13 4 1
github.com/open-cli-collective/confluence-cli/pkg/md/tokenizer_bracket.go:260.4,260.9 1 1
github.com/open-cli-collective/confluence-cli/pkg/md/tokenizer_bracket.go:262.3,262.54 1 0
github.com/open-cli-collective/confluence-cli/pkg/md/tokenizer_bracket.go:266.2,267.103 2 1
github.com/open-cli-collective/confluence-cli/pkg/md/tokenizer_bracket.go:267.103,269.3 1 1
github.com/open-cli-collective/confluence-cli/pkg/md/tokenizer_bracket.go:270.2,270.40 1 1
github.com/open-cli-collective/confluence-cli/pkg/md/tokenizer_bracket.go:274.40,276.2 1 1
github.com/open-cli-collective/confluence-cli/pkg/md/tokenizer_bracket.go:279.39,281.2 1 1
github.com/open-cli-collective/confluence-cli/pkg/md/tokenizer_xml.go:35.62,39.23 3 1
github.com/open-cli-collective/confluence-cli/pkg/md/tokenizer_xml.go:39.23,45.99 2 1
github.com/open-cli-collective/confluence-cli/pkg/md/tokenizer_xml.go:45.99,59.12 5 1
github.com/open-cli-collective/confluence-cli/pkg/md/tokenizer_xml.go:63.3,63.92 1 1
github.com/open-cli-collective/confluence-cli/pkg/md/tokenizer_xml.go:63.92,71.12 4 1
github.com/open-cli-collective/confluence-cli/pkg/md/tokenizer_xml.go:75.3,75.85 1 1
github.com/open-cli-collective/confluence-cli/pkg/md/tokenizer_xml.go:75.85,81.12 3 1
github.com/open-cli-collective/confluence-cli/pkg/md/tokenizer_xml.go:85.3,85.88 1 1
github.com/open-cli-collective/confluence-cli/pkg/md/tokenizer_xml.go:85.88,95.12 5 1
github.com/open-cli-collective/confluence-cli/pkg/md/tokenizer_xml.go:99.3,99.84 1 1
github.com/open-cli-collective/confluence-cli/pkg/md/tokenizer_xml.go:99.84,106.12 3 1
github.com/open-cli-collective/confluence-cli/pkg/md/tokenizer_xml.go:110.3,110.85 1 1
github.com/open-cli-collective/confluence-cli/pkg/md/tokenizer_xml.go:110.85,117.12 3 1
github.com/open-cli-collective/confluence-cli/pkg/md/tokenizer_xml.go:121.3,121.85 1 1
github.com/open-cli-collective/confluence-cli/pkg/md/tokenizer_xml.go:121.85,128.12 3 1
github.com/open-cli-collective/confluence-cli/pkg/md/tokenizer_xml.go:132.3,132.86 1 1
github.com/open-cli-collective/confluence-cli/pkg/md/tokenizer_xml.go:132.86,139.12 3 1
github.com/open-cli-collective/confluence-cli/pkg/md/tokenizer_xml.go:143.3,143.88 1 1
github.com/open-cli-collective/confluence-cli/pkg/md/tokenizer_xml.go:143.88,151.12 4 1
github.com/open-cli-collective/confluence-cli/pkg/md/tokenizer_xml.go:155.3,166.155 10 1
github.com/open-cli-collective/confluence-cli/pkg/md/tokenizer_xml.go:166.155,167.55 1 1
github.com/open-cli-collective/confluence-cli/pkg/md/tokenizer_xml.go:167.55,169.5 1 1
github.com/open-cli-collective/confluence-cli/pkg/md/tokenizer_xml.go:172.3,172.21 1 1
github.com/open-cli-collective/confluence-cli/pkg/md/tokenizer_xml.go:172.21,180.4 2 1
github.com/open-cli-collective/confluence-cli/pkg/md/tokenizer_xml.go:180.9,183.4 1 0
github.com/open-cli-collective/confluence-cli/pkg/md/tokenizer_xml.go:186.2,186.20 1 1
github.com/open-cli-collective/confluence-cli/pkg/md/tokenizer_xml.go:191.43,192.63 1 1
github.com/open-cli-collective/confluence-cli/pkg/md/tokenizer_xml.go:192.63,194.3 1 1
github.com/open-cli-collective/confluence-cli/pkg/md/tokenizer_xml.go:195.2,195.10 1 1
github.com/open-cli-collective/confluence-cli/pkg/md/wikilink.go:30.43,32.47 2 1
github.com/open-cli-collective/confluence-cli/pkg/md/wikilink.go:32.47,35.28 2 1
github.com/open-cli-collective/confluence-cli/pkg/md/wikilink.go:35.28,40.4 1 1
github.com/open-cli-collective/confluence-cli/pkg/md/wikilink.go:42.2,42.31 1 1
github.com/open-cli-collective/confluence-cli/pkg/md/wikilink.go:47.32,48.33 1 1
github.com/open-cli-collective/confluence-cli/pkg/md/wikilink.go:48.33,50.3 1 1
github.com/open-cli-collective/confluence-cli/pkg/md/wikilink.go:51.2,51.22 1 1
github.com/open-cli-collective/confluence-cli/pkg/md/wikilink.go:51.22,52.87 1 1
github.com/open-cli-collective/confluence-cli/pkg/md/wikilink.go:52.87,54.4 1 1
github.com/open-cli-collective/confluence-cli/pkg/md/wikilink.go:56.2,56.13 1 1
github.com/open-cli-collective/confluence-cli/pkg/md/wikilink.go:60.50,66.23 6 1
github.com/open-cli-collective/confluence-cli/pkg/md/wikilink.go:66.23,70.3 3 1
github.com/open-cli-collective/confluence-cli/pkg/md/wikilink.go:71.2,76.20 6 1
github.com/open-cli-collective/confluence-cli/pkg/md/wikilink.go:80.50,81.23 1 1
github.com/open-cli-collective/confluence-cli/pkg/md/wikilink.go:81.23,83.3 1 1
github.com/open-cli-collective/confluence-cli/pkg/md/wikilink.go:84.2,84.31 1 1
github.com/open-cli-collective/confluence-cli/pkg/md/wikilink.go:88.47,90.2 1 1
github.com/open-cli-collective/confluence-cli/pkg/md/wikilink.go:95.67,99.76 3 1
github.com/open-cli-collective/confluence-cli/pkg/md/wikilink.go:99.76,102.21 3 1
github.com/open-cli-collective/confluence-cli/pkg/md/wikilink.go:102.21,104.4 1 0
github.com/open-cli-collective/confluence-cli/pkg/md/wikilink.go:105.3,108.47 4 1
github.com/open-cli-collective/confluence-cli/pkg/md/wikilink.go:111.2,111.22 1 1
github.com/open-cli-collective/confluence-cli/pkg/md/wikilink.go:116.78,117.28 1 1
github.com/open-cli-collective/confluence-cli/pkg/md/wikilink.go:117.28,121.3 3 1
github.com/open-cli-collective/confluence-cli/pkg/md/wikilink.go:122.2,122.13 1 1
github.com/open-cli-collective/confluence-cli/pkg/md/wikilink.go:135.53,136.73 1 1
github.com/open-cli-collective/confluence-cli/pkg/md/wikilink.go:136.73,139.21 3 1
github.com/open-cli-collective/confluence-cli/pkg/md/wikilink.go:139.21,141.4 1 0
github.com/open-cli-collective/confluence-cli/pkg/md/wikilink.go:145.3,146.24 2 1
github.com/open-cli-collective/confluence-cli/pkg/md/wikilink.go:146.24,148.4 1 1
github.com/open-cli-collective/confluence-cli/pkg/md/wikilink.go:148.9,150.4 1 1
github.com/open-cli-collective/confluence-cli/pkg/md/wikilink.go:151.3,151.52 1 1
github.com/open-cli-collective/confluence-cli/pkg/md/wikilink.go:168.55,170.2 1 1
github.com/open-cli-collective/confluence-cli/pkg/md/wikilink.go:175.75,179.79 3 1
github.com/open-cli-collective/confluence-cli/pkg/md/wikilink.go:179.79,181.49 2 1
github.com/open-cli-collective/confluence-cli/pkg/md/wikilink.go:181.49,183.4 1 0
github.com/open-cli-collective/confluence-cli/pkg/md/wikilink.go:184.3,188.26 4 1
github.com/open-cli-collective/confluence-cli/pkg/md/wikilink.go:188.26,190.4 1 1
github.com/open-cli-collective/confluence-cli/pkg/md/wikilink.go:192.3,195.47 4 1
github.com/open-cli-collective/confluence-cli/pkg/md/wikilink.go:198.2,198.22 1 1
github.com/open-cli-collective/confluence-cli/pkg/md/wikilink.go:203.82,204.28 1 1
github.com/open-cli-collective/confluence-cli/pkg/md/wikilink.go:204.28,208.3 3 1
github.com/open-cli-collective/confluence-cli/pkg/md/wikilink.go:209.2,209.17 1 1
github.com/open-cli-collective/confluence-cli/pkg/md/wikilink.go:215.56,216.76 1 1
github.com/open-cli-collective/confluence-cli/pkg/md/wikilink.go:216.76,218.49 2 1
github.com/open-cli-collective/confluence-cli/pkg/md/wikilink.go:218.49,220.4 1 0
github.com/open-cli-collective/confluence-cli/pkg/md/wikilink.go:221.3,223.41 2 1
github.com/open-cli-collective/confluence-cli/pkg/md/wikilink.go:228.35,234.2 5 1
